// Jest Snapshot v1, https://goo.gl/fbAQLP

exports[`SearchPatient should render properly 1`] = `
<styled.div>
  <div
    className="search-bar"
  >
    <WithStyles(ForwardRef(TextField))
      InputProps={
        Object {
          "endAdornment": <ForwardRef(WithStyles)
            position="end"
          >
            @ncg
          </ForwardRef(WithStyles)>,
        }
      }
      disabled={false}
      error={false}
      helperText=""
      id="search-field"
      onChange={[Function]}
      onKeyPress={[Function]}
      type="search"
      value=""
    />
    <WithStyles(ForwardRef(IconButton))
      aria-label="search"
      className="icon-button"
      disabled={true}
      onClick={[Function]}
      theme="primary"
      type="button"
    >
      <SearchIcon
        className="search-button"
        id="search-button"
        theme="primary"
        variant="outlined"
      />
    </WithStyles(ForwardRef(IconButton))>
  </div>
</styled.div>
`;
