// Jest Snapshot v1, https://goo.gl/fbAQLP

exports[`ConsentsListTable should render properly 1`] = `
<div
  style={
    Object {
      "maxWidth": "100%",
    }
  }
>
  <WithStyles(Component)
    actions={
      Array [
        Object {
          "icon": "refresh",
          "isFreeAction": true,
          "onClick": [Function],
          "tooltip": "Refresh",
        },
      ]
    }
    className="makeStyles-table-1"
    columns={
      Array [
        Object {
          "field": "name",
          "title": "Name",
        },
        Object {
          "field": "id",
          "title": "Jataayu ID",
        },
        Object {
          "field": "status",
          "title": "Request Status",
        },
        Object {
          "customSort": [Function],
          "field": "createdOn",
          "title": "Consent created on",
        },
        Object {
          "customSort": [Function],
          "field": "grantedOn",
          "title": "Consent granted on",
        },
        Object {
          "customSort": [Function],
          "field": "expiredOn",
          "title": "Consent expiry on",
        },
        Object {
          "field": "navLink",
          "title": "",
          "width": 50,
        },
      ]
    }
    data={
      Array [
        Object {
          "createdOn": "18/02/2020 08:47",
          "expiredOn": "20/02/2020 08:47",
          "grantedOn": "19/02/2020 06:00",
          "id": undefined,
          "name": "John Smith",
          "navLink": <ForwardRef
            to="/health-info/undefined"
          >
            <UNDEFINED
              color="primary"
            />
          </ForwardRef>,
          "status": "Consent granted",
        },
      ]
    }
    isLoading={false}
    options={
      Object {
        "headerStyle": Object {
          "backgroundColor": "#009688",
          "color": "#FFF",
        },
      }
    }
    title={
      <ForwardRef(WithStyles)
        className="makeStyles-title-2"
        variant="h5"
      >
        Consent List
      </ForwardRef(WithStyles)>
    }
  />
</div>
`;
