// Jest Snapshot v1, https://goo.gl/fbAQLP

exports[`ConditionNote should render properly 1`] = `
<li>
  Note:Â 
  <span>
     
    condition note 1, condition note 2
     
  </span>
</li>
`;
