// Jest Snapshot v1, https://goo.gl/fbAQLP

exports[`Request Access Should render properly 1`] = `
<styled.div>
  <h2>
    Consent request form
  </h2>
  <form>
    <span
      className="label"
    >
      All the fields are mandatory.
    </span>
    <WithStyles(ForwardRef(Grid))
      alignItems="center"
      container={true}
      spacing={3}
    >
      <WithStyles(ForwardRef(Grid))
        item={true}
        xs={2}
      >
        <WithStyles(ForwardRef(InputLabel))
          className="text-field-label"
        >
          Patient Identifier
        </WithStyles(ForwardRef(InputLabel))>
      </WithStyles(ForwardRef(Grid))>
      <WithStyles(ForwardRef(Grid))
        item={true}
        xs={5}
      >
        <Connect(SearchPatient) />
      </WithStyles(ForwardRef(Grid))>
    </WithStyles(ForwardRef(Grid))>
    <WithStyles(ForwardRef(Grid))
      alignItems="center"
      container={true}
      spacing={3}
    >
      <WithStyles(ForwardRef(Grid))
        item={true}
        xs={2}
      >
        <WithStyles(ForwardRef(InputLabel))
          className="text-field-label"
        >
          Purpose of request
        </WithStyles(ForwardRef(InputLabel))>
      </WithStyles(ForwardRef(Grid))>
      <WithStyles(ForwardRef(Grid))
        item={true}
        xs={2}
      >
        <SimpleMenu
          handleChange={[Function]}
          menuItems={
            Array [
              Object {
                "label": "Referral Service",
                "value": "ReferralService",
              },
              Object {
                "label": "Break the Glass",
                "value": "BTG",
              },
            ]
          }
          selectedValue="ReferralService"
        />
      </WithStyles(ForwardRef(Grid))>
    </WithStyles(ForwardRef(Grid))>
    <WithStyles(ForwardRef(Grid))
      alignItems="center"
      container={true}
      spacing={3}
    >
      <WithStyles(ForwardRef(Grid))
        item={true}
        xs={2}
      >
        <WithStyles(ForwardRef(InputLabel))
          className="text-field-label"
        >
          Health info from
        </WithStyles(ForwardRef(InputLabel))>
      </WithStyles(ForwardRef(Grid))>
      <WithStyles(ForwardRef(Grid))
        item={true}
        xs={2}
      >
        <DatePicker
          disableFuture={true}
          handleDateChange={[Function]}
          minDate={1900-01-31T18:38:50.000Z}
          selectedDate={2019-05-14T11:01:58.135Z}
        />
      </WithStyles(ForwardRef(Grid))>
    </WithStyles(ForwardRef(Grid))>
    <WithStyles(ForwardRef(Grid))
      alignItems="center"
      container={true}
      spacing={3}
    >
      <WithStyles(ForwardRef(Grid))
        item={true}
        xs={2}
      >
        <WithStyles(ForwardRef(InputLabel))
          className="text-field-label"
        >
          Health info to
        </WithStyles(ForwardRef(InputLabel))>
      </WithStyles(ForwardRef(Grid))>
      <WithStyles(ForwardRef(Grid))
        item={true}
        xs={2}
      >
        <DatePicker
          disableFuture={true}
          handleDateChange={[Function]}
          minDate={2019-05-14T11:01:58.135Z}
          selectedDate={2019-05-14T11:01:58.135Z}
        />
      </WithStyles(ForwardRef(Grid))>
    </WithStyles(ForwardRef(Grid))>
    <WithStyles(ForwardRef(Grid))
      alignItems="center"
      container={true}
      spacing={3}
    >
      <WithStyles(ForwardRef(Grid))
        item={true}
        xs={2}
      >
        <WithStyles(ForwardRef(InputLabel))
          className="text-field-label"
        >
           Request type 
        </WithStyles(ForwardRef(InputLabel))>
      </WithStyles(ForwardRef(Grid))>
      <WithStyles(ForwardRef(Grid))
        item={true}
        xs={10}
      >
        <RequestType
          handleChange={[Function]}
          requestTypes={
            Array [
              Object {
                "label": "Condition",
                "value": "Condition",
              },
            ]
          }
        />
      </WithStyles(ForwardRef(Grid))>
    </WithStyles(ForwardRef(Grid))>
    <WithStyles(ForwardRef(Grid))
      alignItems="center"
      container={true}
      spacing={3}
    >
      <WithStyles(ForwardRef(Grid))
        item={true}
        xs={2}
      >
        <WithStyles(ForwardRef(InputLabel))
          className="text-field-label"
        >
          Consent Expiry
        </WithStyles(ForwardRef(InputLabel))>
      </WithStyles(ForwardRef(Grid))>
      <WithStyles(ForwardRef(Grid))
        item={true}
        xs={3}
      >
        <DateTimePicker
          disableFuture={false}
          disablePast={true}
          handleDateChange={[Function]}
          maxDate={2100-01-31T18:30:00.000Z}
          minDate={1900-01-31T18:38:50.000Z}
          selectedDate={2019-05-15T11:01:58.135Z}
        />
      </WithStyles(ForwardRef(Grid))>
    </WithStyles(ForwardRef(Grid))>
    <WithStyles(ForwardRef(Grid))
      alignItems="center"
      container={true}
      spacing={3}
    >
      <WithStyles(ForwardRef(Button))
        className="create-consent-button"
        color="primary"
        disabled={true}
        onClick={[Function]}
        variant="contained"
      >
        Request Consent
      </WithStyles(ForwardRef(Button))>
    </WithStyles(ForwardRef(Grid))>
  </form>
</styled.div>
`;
