// Jest Snapshot v1, https://goo.gl/fbAQLP

exports[`DosageTiming should render properly 1`] = `
<div>
  On:
  22/1/2019
</div>
`;
